
> cms-estrella-sur@0.1.0 build
> next build --turbopack

   Γû▓ Next.js 15.5.4 (Turbopack)
   - Environments: .env

   Creating an optimized production build ...
 Γ£ô Finished writing to disk in 489ms
 Γ£ô Compiled successfully in 12.3s
   Linting and checking validity of types ...

./src/app/api/allies/route.ts
60:47  Warning: Unexpected any. Specify a different type.  @typescript-eslint/no-explicit-any

./src/app/api/allies/[id]/route.ts
18:35  Warning: Unexpected any. Specify a different type.  @typescript-eslint/no-explicit-any
88:42  Warning: Unexpected any. Specify a different type.  @typescript-eslint/no-explicit-any
163:42  Warning: Unexpected any. Specify a different type.  @typescript-eslint/no-explicit-any
220:22  Warning: Unexpected any. Specify a different type.  @typescript-eslint/no-explicit-any

./src/app/api/allies/[id]/toggle-featured/route.ts
43:10  Warning: Unexpected any. Specify a different type.  @typescript-eslint/no-explicit-any
59:12  Warning: Unexpected any. Specify a different type.  @typescript-eslint/no-explicit-any
92:10  Warning: Unexpected any. Specify a different type.  @typescript-eslint/no-explicit-any

./src/app/api/auth/change-password/route.ts
11:32  Warning: Unexpected any. Specify a different type.  @typescript-eslint/no-explicit-any

./src/app/api/auth/mandatory-change-password/route.ts
12:32  Warning: Unexpected any. Specify a different type.  @typescript-eslint/no-explicit-any
16:47  Warning: Unexpected any. Specify a different type.  @typescript-eslint/no-explicit-any

./src/app/api/events/route.ts
20:18  Warning: Unexpected any. Specify a different type.  @typescript-eslint/no-explicit-any
46:20  Warning: Unexpected any. Specify a different type.  @typescript-eslint/no-explicit-any

./src/app/api/news/route.ts
21:18  Warning: Unexpected any. Specify a different type.  @typescript-eslint/no-explicit-any
51:20  Warning: Unexpected any. Specify a different type.  @typescript-eslint/no-explicit-any

./src/app/api/news/[id]/route.ts
42:12  Warning: Unexpected any. Specify a different type.  @typescript-eslint/no-explicit-any
144:12  Warning: Unexpected any. Specify a different type.  @typescript-eslint/no-explicit-any

./src/app/api/projects/route.ts
20:18  Warning: Unexpected any. Specify a different type.  @typescript-eslint/no-explicit-any
47:20  Warning: Unexpected any. Specify a different type.  @typescript-eslint/no-explicit-any

./src/app/api/projects/[id]/route.ts
96:23  Warning: Unexpected any. Specify a different type.  @typescript-eslint/no-explicit-any
162:27  Warning: Unexpected any. Specify a different type.  @typescript-eslint/no-explicit-any

./src/app/api/public/allies/route.ts
21:10  Warning: Unexpected any. Specify a different type.  @typescript-eslint/no-explicit-any
42:12  Warning: Unexpected any. Specify a different type.  @typescript-eslint/no-explicit-any
46:47  Warning: Unexpected any. Specify a different type.  @typescript-eslint/no-explicit-any

./src/app/api/public/allies-all/route.ts
7:37  Warning: Unexpected any. Specify a different type.  @typescript-eslint/no-explicit-any
26:47  Warning: Unexpected any. Specify a different type.  @typescript-eslint/no-explicit-any

./src/app/api/public/image-library/route.ts
10:18  Warning: Unexpected any. Specify a different type.  @typescript-eslint/no-explicit-any

./src/app/api/public/methodologies/route.ts
13:18  Warning: Unexpected any. Specify a different type.  @typescript-eslint/no-explicit-any

./src/app/api/public/news/related/route.ts
19:18  Warning: Unexpected any. Specify a different type.  @typescript-eslint/no-explicit-any

./src/app/api/public/programas/route.ts
13:18  Warning: Unexpected any. Specify a different type.  @typescript-eslint/no-explicit-any

./src/app/api/public/projects/route.ts
14:18  Warning: Unexpected any. Specify a different type.  @typescript-eslint/no-explicit-any
33:20  Warning: Unexpected any. Specify a different type.  @typescript-eslint/no-explicit-any

./src/app/api/public/resources/route.ts
16:18  Warning: Unexpected any. Specify a different type.  @typescript-eslint/no-explicit-any
42:20  Warning: Unexpected any. Specify a different type.  @typescript-eslint/no-explicit-any

./src/app/api/public/transparency/route.ts
16:18  Warning: Unexpected any. Specify a different type.  @typescript-eslint/no-explicit-any
42:20  Warning: Unexpected any. Specify a different type.  @typescript-eslint/no-explicit-any

./src/app/api/public/video-testimonials/route.ts
15:18  Warning: Unexpected any. Specify a different type.  @typescript-eslint/no-explicit-any

./src/app/api/resources/route.ts
22:18  Warning: Unexpected any. Specify a different type.  @typescript-eslint/no-explicit-any
56:20  Warning: Unexpected any. Specify a different type.  @typescript-eslint/no-explicit-any

./src/app/api/roles/route.ts
8:57  Warning: 'request' is defined but never used.  @typescript-eslint/no-unused-vars

./src/app/api/stories/route.ts
21:18  Warning: Unexpected any. Specify a different type.  @typescript-eslint/no-explicit-any
36:38  Warning: Unexpected any. Specify a different type.  @typescript-eslint/no-explicit-any
53:50  Warning: Unexpected any. Specify a different type.  @typescript-eslint/no-explicit-any
124:39  Warning: Unexpected any. Specify a different type.  @typescript-eslint/no-explicit-any

./src/app/api/transparency/route.ts
22:18  Warning: Unexpected any. Specify a different type.  @typescript-eslint/no-explicit-any
56:20  Warning: Unexpected any. Specify a different type.  @typescript-eslint/no-explicit-any

./src/app/api/users/route.ts
22:18  Warning: Unexpected any. Specify a different type.  @typescript-eslint/no-explicit-any
40:20  Warning: Unexpected any. Specify a different type.  @typescript-eslint/no-explicit-any

./src/app/api/users/[id]/route.ts
5:10  Warning: 'hashPassword' is defined but never used.  @typescript-eslint/no-unused-vars
5:24  Warning: 'verifyPassword' is defined but never used.  @typescript-eslint/no-unused-vars
14:55  Warning: 'authenticatedRequest' is defined but never used.  @typescript-eslint/no-unused-vars
184:39  Warning: Unexpected any. Specify a different type.  @typescript-eslint/no-explicit-any

./src/app/api/video-testimonials/route.ts
19:18  Warning: Unexpected any. Specify a different type.  @typescript-eslint/no-explicit-any

./src/app/auth/sign-in/page.tsx
49:14  Warning: 'error' is defined but never used.  @typescript-eslint/no-unused-vars

./src/app/auth-test/page.tsx
18:28  Warning: `"` can be escaped with `&quot;`, `&ldquo;`, `&#34;`, `&rdquo;`.  react/no-unescaped-entities
18:47  Warning: `"` can be escaped with `&quot;`, `&ldquo;`, `&#34;`, `&rdquo;`.  react/no-unescaped-entities

./src/app/dashboard/stories/page.tsx
98:45  Warning: Unexpected any. Specify a different type.  @typescript-eslint/no-explicit-any
236:57  Warning: Unexpected any. Specify a different type.  @typescript-eslint/no-explicit-any
356:34  Warning: Unexpected any. Specify a different type.  @typescript-eslint/no-explicit-any

./src/app/dashboard/users/page.tsx
3:31  Warning: 'useCallback' is defined but never used.  @typescript-eslint/no-unused-vars
4:10  Warning: 'useSession' is defined but never used.  @typescript-eslint/no-unused-vars
15:104  Warning: 'RefreshCw' is defined but never used.  @typescript-eslint/no-unused-vars
42:21  Warning: 'setSortOrder' is assigned a value but never used.  @typescript-eslint/no-unused-vars
80:6  Warning: React Hook useEffect has a missing dependency: 'fetchUsers'. Either include it or remove the dependency array.  react-hooks/exhaustive-deps
334:61  Warning: Unexpected any. Specify a different type.  @typescript-eslint/no-explicit-any

./src/app/dashboard/video-testimonials/page.tsx
105:45  Warning: Unexpected any. Specify a different type.  @typescript-eslint/no-explicit-any
264:57  Warning: Unexpected any. Specify a different type.  @typescript-eslint/no-explicit-any
394:34  Warning: Unexpected any. Specify a different type.  @typescript-eslint/no-explicit-any
409:3  Warning: 'onToggleStatus' is defined but never used.  @typescript-eslint/no-unused-vars
410:3  Warning: 'onToggleFeatured' is defined but never used.  @typescript-eslint/no-unused-vars
458:19  Warning: Using `<img>` could result in slower LCP and higher bandwidth. Consider using `<Image />` from `next/image` or a custom image loader to automatically optimize images. This may incur additional usage or cost from your provider. See: https://nextjs.org/docs/messages/no-img-element  @next/next/no-img-element
583:21  Warning: Using `<img>` could result in slower LCP and higher bandwidth. Consider using `<Image />` from `next/image` or a custom image loader to automatically optimize images. This may incur additional usage or cost from your provider. See: https://nextjs.org/docs/messages/no-img-element  @next/next/no-img-element

./src/app/equipo/page.tsx
83:15  Warning: Using `<img>` could result in slower LCP and higher bandwidth. Consider using `<Image />` from `next/image` or a custom image loader to automatically optimize images. This may incur additional usage or cost from your provider. See: https://nextjs.org/docs/messages/no-img-element  @next/next/no-img-element
92:15  Warning: Using `<img>` could result in slower LCP and higher bandwidth. Consider using `<Image />` from `next/image` or a custom image loader to automatically optimize images. This may incur additional usage or cost from your provider. See: https://nextjs.org/docs/messages/no-img-element  @next/next/no-img-element
101:15  Warning: Using `<img>` could result in slower LCP and higher bandwidth. Consider using `<Image />` from `next/image` or a custom image loader to automatically optimize images. This may incur additional usage or cost from your provider. See: https://nextjs.org/docs/messages/no-img-element  @next/next/no-img-element
127:15  Warning: Using `<img>` could result in slower LCP and higher bandwidth. Consider using `<Image />` from `next/image` or a custom image loader to automatically optimize images. This may incur additional usage or cost from your provider. See: https://nextjs.org/docs/messages/no-img-element  @next/next/no-img-element
136:15  Warning: Using `<img>` could result in slower LCP and higher bandwidth. Consider using `<Image />` from `next/image` or a custom image loader to automatically optimize images. This may incur additional usage or cost from your provider. See: https://nextjs.org/docs/messages/no-img-element  @next/next/no-img-element
145:15  Warning: Using `<img>` could result in slower LCP and higher bandwidth. Consider using `<Image />` from `next/image` or a custom image loader to automatically optimize images. This may incur additional usage or cost from your provider. See: https://nextjs.org/docs/messages/no-img-element  @next/next/no-img-element
154:15  Warning: Using `<img>` could result in slower LCP and higher bandwidth. Consider using `<Image />` from `next/image` or a custom image loader to automatically optimize images. This may incur additional usage or cost from your provider. See: https://nextjs.org/docs/messages/no-img-element  @next/next/no-img-element
163:15  Warning: Using `<img>` could result in slower LCP and higher bandwidth. Consider using `<Image />` from `next/image` or a custom image loader to automatically optimize images. This may incur additional usage or cost from your provider. See: https://nextjs.org/docs/messages/no-img-element  @next/next/no-img-element
172:15  Warning: Using `<img>` could result in slower LCP and higher bandwidth. Consider using `<Image />` from `next/image` or a custom image loader to automatically optimize images. This may incur additional usage or cost from your provider. See: https://nextjs.org/docs/messages/no-img-element  @next/next/no-img-element
181:15  Warning: Using `<img>` could result in slower LCP and higher bandwidth. Consider using `<Image />` from `next/image` or a custom image loader to automatically optimize images. This may incur additional usage or cost from your provider. See: https://nextjs.org/docs/messages/no-img-element  @next/next/no-img-element
190:15  Warning: Using `<img>` could result in slower LCP and higher bandwidth. Consider using `<Image />` from `next/image` or a custom image loader to automatically optimize images. This may incur additional usage or cost from your provider. See: https://nextjs.org/docs/messages/no-img-element  @next/next/no-img-element

./src/app/events/[id]/page.tsx
57:6  Warning: React Hook useEffect has a missing dependency: 'fetchEvent'. Either include it or remove the dependency array.  react-hooks/exhaustive-deps

./src/app/historias-impacto/page.tsx
65:6  Warning: React Hook useEffect has a missing dependency: 'fetchData'. Either include it or remove the dependency array.  react-hooks/exhaustive-deps
206:15  Warning: Using `<img>` could result in slower LCP and higher bandwidth. Consider using `<Image />` from `next/image` or a custom image loader to automatically optimize images. This may incur additional usage or cost from your provider. See: https://nextjs.org/docs/messages/no-img-element  @next/next/no-img-element
379:31  Warning: Using `<img>` could result in slower LCP and higher bandwidth. Consider using `<Image />` from `next/image` or a custom image loader to automatically optimize images. This may incur additional usage or cost from your provider. See: https://nextjs.org/docs/messages/no-img-element  @next/next/no-img-element

./src/app/iniciativas/page.tsx
98:17  Warning: Using `<img>` could result in slower LCP and higher bandwidth. Consider using `<Image />` from `next/image` or a custom image loader to automatically optimize images. This may incur additional usage or cost from your provider. See: https://nextjs.org/docs/messages/no-img-element  @next/next/no-img-element
120:17  Warning: Using `<img>` could result in slower LCP and higher bandwidth. Consider using `<Image />` from `next/image` or a custom image loader to automatically optimize images. This may incur additional usage or cost from your provider. See: https://nextjs.org/docs/messages/no-img-element  @next/next/no-img-element
142:17  Warning: Using `<img>` could result in slower LCP and higher bandwidth. Consider using `<Image />` from `next/image` or a custom image loader to automatically optimize images. This may incur additional usage or cost from your provider. See: https://nextjs.org/docs/messages/no-img-element  @next/next/no-img-element

./src/app/layout.tsx
28:9  Warning: A font-display parameter is missing (adding `&display=optional` is recommended). See: https://nextjs.org/docs/messages/google-font-display  @next/next/google-font-display
28:9  Warning: Custom fonts not added in `pages/_document.js` will only load for a single page. This is discouraged. See: https://nextjs.org/docs/messages/no-page-custom-font  @next/next/no-page-custom-font
29:9  Warning: Custom fonts not added in `pages/_document.js` will only load for a single page. This is discouraged. See: https://nextjs.org/docs/messages/no-page-custom-font  @next/next/no-page-custom-font

./src/app/metodologias/[id]/page.tsx
66:6  Warning: React Hook useEffect has a missing dependency: 'fetchMethodology'. Either include it or remove the dependency array.  react-hooks/exhaustive-deps

./src/app/news/[id]/page.tsx
53:6  Warning: React Hook useEffect has a missing dependency: 'fetchNews'. Either include it or remove the dependency array.  react-hooks/exhaustive-deps
226:17  Warning: Using `<img>` could result in slower LCP and higher bandwidth. Consider using `<Image />` from `next/image` or a custom image loader to automatically optimize images. This may incur additional usage or cost from your provider. See: https://nextjs.org/docs/messages/no-img-element  @next/next/no-img-element

./src/app/nosotros/page.tsx
174:19  Warning: Using `<img>` could result in slower LCP and higher bandwidth. Consider using `<Image />` from `next/image` or a custom image loader to automatically optimize images. This may incur additional usage or cost from your provider. See: https://nextjs.org/docs/messages/no-img-element  @next/next/no-img-element
249:15  Warning: Using `<img>` could result in slower LCP and higher bandwidth. Consider using `<Image />` from `next/image` or a custom image loader to automatically optimize images. This may incur additional usage or cost from your provider. See: https://nextjs.org/docs/messages/no-img-element  @next/next/no-img-element
329:15  Warning: Do not use an `<a>` element to navigate to `/programas/`. Use `<Link />` from `next/link` instead. See: https://nextjs.org/docs/messages/no-html-link-for-pages  @next/next/no-html-link-for-pages
335:15  Warning: Do not use an `<a>` element to navigate to `/proyectos/`. Use `<Link />` from `next/link` instead. See: https://nextjs.org/docs/messages/no-html-link-for-pages  @next/next/no-html-link-for-pages

./src/app/participar/page.tsx
27:13  Warning: Using `<img>` could result in slower LCP and higher bandwidth. Consider using `<Image />` from `next/image` or a custom image loader to automatically optimize images. This may incur additional usage or cost from your provider. See: https://nextjs.org/docs/messages/no-img-element  @next/next/no-img-element
49:13  Warning: Using `<img>` could result in slower LCP and higher bandwidth. Consider using `<Image />` from `next/image` or a custom image loader to automatically optimize images. This may incur additional usage or cost from your provider. See: https://nextjs.org/docs/messages/no-img-element  @next/next/no-img-element
71:13  Warning: Using `<img>` could result in slower LCP and higher bandwidth. Consider using `<Image />` from `next/image` or a custom image loader to automatically optimize images. This may incur additional usage or cost from your provider. See: https://nextjs.org/docs/messages/no-img-element  @next/next/no-img-element
189:13  Warning: Using `<img>` could result in slower LCP and higher bandwidth. Consider using `<Image />` from `next/image` or a custom image loader to automatically optimize images. This may incur additional usage or cost from your provider. See: https://nextjs.org/docs/messages/no-img-element  @next/next/no-img-element

./src/app/programas/page.tsx
166:21  Warning: Using `<img>` could result in slower LCP and higher bandwidth. Consider using `<Image />` from `next/image` or a custom image loader to automatically optimize images. This may incur additional usage or cost from your provider. See: https://nextjs.org/docs/messages/no-img-element  @next/next/no-img-element

./src/app/programas/[id]/page.tsx
182:21  Warning: Using `<img>` could result in slower LCP and higher bandwidth. Consider using `<Image />` from `next/image` or a custom image loader to automatically optimize images. This may incur additional usage or cost from your provider. See: https://nextjs.org/docs/messages/no-img-element  @next/next/no-img-element
209:29  Warning: Using `<img>` could result in slower LCP and higher bandwidth. Consider using `<Image />` from `next/image` or a custom image loader to automatically optimize images. This may incur additional usage or cost from your provider. See: https://nextjs.org/docs/messages/no-img-element  @next/next/no-img-element

./src/app/proyectos/page.tsx
173:21  Warning: Using `<img>` could result in slower LCP and higher bandwidth. Consider using `<Image />` from `next/image` or a custom image loader to automatically optimize images. This may incur additional usage or cost from your provider. See: https://nextjs.org/docs/messages/no-img-element  @next/next/no-img-element

./src/app/proyectos/[id]/page.tsx
63:6  Warning: React Hook useEffect has a missing dependency: 'fetchProject'. Either include it or remove the dependency array.  react-hooks/exhaustive-deps

./src/app/recursos/page.tsx
109:6  Warning: React Hook useEffect has a missing dependency: 'fetchResources'. Either include it or remove the dependency array.  react-hooks/exhaustive-deps
153:17  Warning: Using `<img>` could result in slower LCP and higher bandwidth. Consider using `<Image />` from `next/image` or a custom image loader to automatically optimize images. This may incur additional usage or cost from your provider. See: https://nextjs.org/docs/messages/no-img-element  @next/next/no-img-element
160:17  Warning: Using `<img>` could result in slower LCP and higher bandwidth. Consider using `<Image />` from `next/image` or a custom image loader to automatically optimize images. This may incur additional usage or cost from your provider. See: https://nextjs.org/docs/messages/no-img-element  @next/next/no-img-element
167:17  Warning: Using `<img>` could result in slower LCP and higher bandwidth. Consider using `<Image />` from `next/image` or a custom image loader to automatically optimize images. This may incur additional usage or cost from your provider. See: https://nextjs.org/docs/messages/no-img-element  @next/next/no-img-element
299:80  Warning: Unexpected any. Specify a different type.  @typescript-eslint/no-explicit-any

./src/app/stories/[id]/page.tsx
52:6  Warning: React Hook useEffect has a missing dependency: 'fetchStory'. Either include it or remove the dependency array.  react-hooks/exhaustive-deps

./src/app/transparencia/page.tsx
107:6  Warning: React Hook useEffect has a missing dependency: 'fetchDocuments'. Either include it or remove the dependency array.  react-hooks/exhaustive-deps
151:17  Warning: Using `<img>` could result in slower LCP and higher bandwidth. Consider using `<Image />` from `next/image` or a custom image loader to automatically optimize images. This may incur additional usage or cost from your provider. See: https://nextjs.org/docs/messages/no-img-element  @next/next/no-img-element
158:17  Warning: Using `<img>` could result in slower LCP and higher bandwidth. Consider using `<Image />` from `next/image` or a custom image loader to automatically optimize images. This may incur additional usage or cost from your provider. See: https://nextjs.org/docs/messages/no-img-element  @next/next/no-img-element
165:17  Warning: Using `<img>` could result in slower LCP and higher bandwidth. Consider using `<Image />` from `next/image` or a custom image loader to automatically optimize images. This may incur additional usage or cost from your provider. See: https://nextjs.org/docs/messages/no-img-element  @next/next/no-img-element

./src/components/admin/advanced-edit-user-modal.tsx
25:3  Warning: 'AlertCircle' is defined but never used.  @typescript-eslint/no-unused-vars
26:3  Warning: 'CheckCircle' is defined but never used.  @typescript-eslint/no-unused-vars

./src/components/admin/advanced-user-management-system.tsx
19:64  Warning: 'Mail' is defined but never used.  @typescript-eslint/no-unused-vars
20:30  Warning: 'Filter' is defined but never used.  @typescript-eslint/no-unused-vars
20:69  Warning: 'MoreVertical' is defined but never used.  @typescript-eslint/no-unused-vars
21:3  Warning: 'Settings' is defined but never used.  @typescript-eslint/no-unused-vars
21:37  Warning: 'Download' is defined but never used.  @typescript-eslint/no-unused-vars
21:47  Warning: 'Upload' is defined but never used.  @typescript-eslint/no-unused-vars

./src/components/admin/ally-view-modal.tsx
7:10  Warning: 'Button' is defined but never used.  @typescript-eslint/no-unused-vars
9:26  Warning: 'ExternalLink' is defined but never used.  @typescript-eslint/no-unused-vars

./src/components/admin/create-ally-form.tsx
11:20  Warning: Unexpected any. Specify a different type.  @typescript-eslint/no-explicit-any

./src/components/admin/create-event-form.tsx
96:47  Warning: Unexpected any. Specify a different type.  @typescript-eslint/no-explicit-any

./src/components/admin/create-news-form.tsx
165:47  Warning: Unexpected any. Specify a different type.  @typescript-eslint/no-explicit-any
238:70  Warning: Unexpected any. Specify a different type.  @typescript-eslint/no-explicit-any

./src/components/admin/create-programa-dialog.tsx
9:10  Warning: 'Switch' is defined but never used.  @typescript-eslint/no-unused-vars

./src/components/admin/create-project-form.tsx
115:47  Warning: Unexpected any. Specify a different type.  @typescript-eslint/no-explicit-any

./src/components/admin/create-story-form.tsx
7:10  Warning: 'Card' is defined but never used.  @typescript-eslint/no-unused-vars
7:16  Warning: 'CardContent' is defined but never used.  @typescript-eslint/no-unused-vars
7:29  Warning: 'CardDescription' is defined but never used.  @typescript-eslint/no-unused-vars
7:46  Warning: 'CardHeader' is defined but never used.  @typescript-eslint/no-unused-vars
7:58  Warning: 'CardTitle' is defined but never used.  @typescript-eslint/no-unused-vars
9:25  Warning: 'ImageIcon' is defined but never used.  @typescript-eslint/no-unused-vars
13:28  Warning: Unexpected any. Specify a different type.  @typescript-eslint/no-explicit-any
28:52  Warning: Unexpected any. Specify a different type.  @typescript-eslint/no-explicit-any

./src/components/admin/create-user-form.tsx
15:26  Warning: Unexpected any. Specify a different type.  @typescript-eslint/no-explicit-any
128:14  Warning: 'error' is defined but never used.  @typescript-eslint/no-unused-vars

./src/components/admin/create-video-testimonial-form.tsx
7:10  Warning: 'Card' is defined but never used.  @typescript-eslint/no-unused-vars
7:16  Warning: 'CardContent' is defined but never used.  @typescript-eslint/no-unused-vars
7:29  Warning: 'CardDescription' is defined but never used.  @typescript-eslint/no-unused-vars
7:46  Warning: 'CardHeader' is defined but never used.  @typescript-eslint/no-unused-vars
7:58  Warning: 'CardTitle' is defined but never used.  @typescript-eslint/no-unused-vars
9:23  Warning: 'FileText' is defined but never used.  @typescript-eslint/no-unused-vars
13:28  Warning: Unexpected any. Specify a different type.  @typescript-eslint/no-explicit-any
28:52  Warning: Unexpected any. Specify a different type.  @typescript-eslint/no-explicit-any

./src/components/admin/delete-ally-dialog.tsx
71:61  Warning: `"` can be escaped with `&quot;`, `&ldquo;`, `&#34;`, `&rdquo;`.  react/no-unescaped-entities
71:73  Warning: `"` can be escaped with `&quot;`, `&ldquo;`, `&#34;`, `&rdquo;`.  react/no-unescaped-entities

./src/components/admin/delete-event-dialog.tsx
75:85  Warning: `"` can be escaped with `&quot;`, `&ldquo;`, `&#34;`, `&rdquo;`.  react/no-unescaped-entities
75:99  Warning: `"` can be escaped with `&quot;`, `&ldquo;`, `&#34;`, `&rdquo;`.  react/no-unescaped-entities

./src/components/admin/delete-news-dialog.tsx
93:86  Warning: `"` can be escaped with `&quot;`, `&ldquo;`, `&#34;`, `&rdquo;`.  react/no-unescaped-entities
93:99  Warning: `"` can be escaped with `&quot;`, `&ldquo;`, `&#34;`, `&rdquo;`.  react/no-unescaped-entities

./src/components/admin/delete-programa-dialog.tsx
81:63  Warning: `"` can be escaped with `&quot;`, `&ldquo;`, `&#34;`, `&rdquo;`.  react/no-unescaped-entities
81:87  Warning: `"` can be escaped with `&quot;`, `&ldquo;`, `&#34;`, `&rdquo;`.  react/no-unescaped-entities

./src/components/admin/delete-project-dialog.tsx
9:10  Warning: 'Trash2' is defined but never used.  @typescript-eslint/no-unused-vars
49:11  Warning: 'isTokenValid' is assigned a value but never used.  @typescript-eslint/no-unused-vars
124:22  Warning: `"` can be escaped with `&quot;`, `&ldquo;`, `&#34;`, `&rdquo;`.  react/no-unescaped-entities
124:38  Warning: `"` can be escaped with `&quot;`, `&ldquo;`, `&#34;`, `&rdquo;`.  react/no-unescaped-entities

./src/components/admin/delete-story-dialog.tsx
75:84  Warning: `"` can be escaped with `&quot;`, `&ldquo;`, `&#34;`, `&rdquo;`.  react/no-unescaped-entities
75:98  Warning: `"` can be escaped with `&quot;`, `&ldquo;`, `&#34;`, `&rdquo;`.  react/no-unescaped-entities

./src/components/admin/delete-video-testimonial-dialog.tsx
75:96  Warning: `"` can be escaped with `&quot;`, `&ldquo;`, `&#34;`, `&rdquo;`.  react/no-unescaped-entities
75:110  Warning: `"` can be escaped with `&quot;`, `&ldquo;`, `&#34;`, `&rdquo;`.  react/no-unescaped-entities

./src/components/admin/edit-event-form.tsx
10:10  Warning: 'Edit' is defined but never used.  @typescript-eslint/no-unused-vars
123:47  Warning: Unexpected any. Specify a different type.  @typescript-eslint/no-explicit-any

./src/components/admin/edit-news-form.tsx
11:10  Warning: 'Edit' is defined but never used.  @typescript-eslint/no-unused-vars
49:46  Warning: Unexpected any. Specify a different type.  @typescript-eslint/no-explicit-any
50:44  Warning: Unexpected any. Specify a different type.  @typescript-eslint/no-explicit-any
51:54  Warning: Unexpected any. Specify a different type.  @typescript-eslint/no-explicit-any
183:47  Warning: Unexpected any. Specify a different type.  @typescript-eslint/no-explicit-any
253:70  Warning: Unexpected any. Specify a different type.  @typescript-eslint/no-explicit-any

./src/components/admin/edit-programa-dialog.tsx
9:10  Warning: 'Switch' is defined but never used.  @typescript-eslint/no-unused-vars

./src/components/admin/edit-project-form.tsx
11:10  Warning: 'Edit' is defined but never used.  @typescript-eslint/no-unused-vars
149:47  Warning: Unexpected any. Specify a different type.  @typescript-eslint/no-explicit-any

./src/components/admin/edit-story-form.tsx
7:29  Warning: 'CardDescription' is defined but never used.  @typescript-eslint/no-unused-vars
30:34  Warning: Unexpected any. Specify a different type.  @typescript-eslint/no-explicit-any

./src/components/admin/edit-video-testimonial-form.tsx
7:29  Warning: 'CardDescription' is defined but never used.  @typescript-eslint/no-unused-vars
31:34  Warning: Unexpected any. Specify a different type.  @typescript-eslint/no-explicit-any

./src/components/admin/events-management.tsx
159:15  Warning: 'errorData' is assigned a value but never used.  @typescript-eslint/no-unused-vars
408:3  Warning: 'onSelectAll' is defined but never used.  @typescript-eslint/no-unused-vars
412:3  Warning: 'onToggleFeatured' is defined but never used.  @typescript-eslint/no-unused-vars

./src/components/admin/image-library-form.tsx
11:19  Warning: 'Upload' is defined but never used.  @typescript-eslint/no-unused-vars
247:19  Warning: Using `<img>` could result in slower LCP and higher bandwidth. Consider using `<Image />` from `next/image` or a custom image loader to automatically optimize images. This may incur additional usage or cost from your provider. See: https://nextjs.org/docs/messages/no-img-element  @next/next/no-img-element

./src/components/admin/image-library-management.tsx
9:51  Warning: 'Upload' is defined but never used.  @typescript-eslint/no-unused-vars
105:6  Warning: React Hook useEffect has a missing dependency: 'fetchImages'. Either include it or remove the dependency array.  react-hooks/exhaustive-deps
253:23  Warning: Using `<img>` could result in slower LCP and higher bandwidth. Consider using `<Image />` from `next/image` or a custom image loader to automatically optimize images. This may incur additional usage or cost from your provider. See: https://nextjs.org/docs/messages/no-img-element  @next/next/no-img-element

./src/components/admin/image-library-view.tsx
84:19  Warning: Using `<img>` could result in slower LCP and higher bandwidth. Consider using `<Image />` from `next/image` or a custom image loader to automatically optimize images. This may incur additional usage or cost from your provider. See: https://nextjs.org/docs/messages/no-img-element  @next/next/no-img-element

./src/components/admin/methodologies-management.tsx
17:3  Warning: 'MoreHorizontal' is defined but never used.  @typescript-eslint/no-unused-vars
18:3  Warning: 'Loader2' is defined but never used.  @typescript-eslint/no-unused-vars
21:3  Warning: 'Trash2' is defined but never used.  @typescript-eslint/no-unused-vars
29:10  Warning: 'DropdownMenu' is defined but never used.  @typescript-eslint/no-unused-vars
29:24  Warning: 'DropdownMenuContent' is defined but never used.  @typescript-eslint/no-unused-vars
29:45  Warning: 'DropdownMenuItem' is defined but never used.  @typescript-eslint/no-unused-vars
29:63  Warning: 'DropdownMenuTrigger' is defined but never used.  @typescript-eslint/no-unused-vars

./src/components/admin/news-events-management.tsx
72:10  Warning: 'viewMode' is assigned a value but never used.  @typescript-eslint/no-unused-vars
72:20  Warning: 'setViewMode' is assigned a value but never used.  @typescript-eslint/no-unused-vars
74:17  Warning: 'session' is assigned a value but never used.  @typescript-eslint/no-unused-vars
75:11  Warning: 'isAdmin' is assigned a value but never used.  @typescript-eslint/no-unused-vars
110:14  Warning: 'error' is defined but never used.  @typescript-eslint/no-unused-vars
123:6  Warning: React Hook useEffect has a missing dependency: 'fetchData'. Either include it or remove the dependency array.  react-hooks/exhaustive-deps
184:14  Warning: 'error' is defined but never used.  @typescript-eslint/no-unused-vars
241:14  Warning: 'error' is defined but never used.  @typescript-eslint/no-unused-vars
268:14  Warning: 'error' is defined but never used.  @typescript-eslint/no-unused-vars
450:78  Warning: Unexpected any. Specify a different type.  @typescript-eslint/no-explicit-any
735:76  Warning: Unexpected any. Specify a different type.  @typescript-eslint/no-explicit-any

./src/components/admin/news-management.tsx
4:10  Warning: 'Card' is defined but never used.  @typescript-eslint/no-unused-vars
4:16  Warning: 'CardContent' is defined but never used.  @typescript-eslint/no-unused-vars
7:10  Warning: 'Textarea' is defined but never used.  @typescript-eslint/no-unused-vars
9:10  Warning: 'Badge' is defined but never used.  @typescript-eslint/no-unused-vars
10:10  Warning: 'Dialog' is defined but never used.  @typescript-eslint/no-unused-vars
10:18  Warning: 'DialogContent' is defined but never used.  @typescript-eslint/no-unused-vars
10:33  Warning: 'DialogHeader' is defined but never used.  @typescript-eslint/no-unused-vars
10:47  Warning: 'DialogTitle' is defined but never used.  @typescript-eslint/no-unused-vars
10:60  Warning: 'DialogTrigger' is defined but never used.  @typescript-eslint/no-unused-vars
14:10  Warning: 'Checkbox' is defined but never used.  @typescript-eslint/no-unused-vars
17:10  Warning: 'EditNewsForm' is defined but never used.  @typescript-eslint/no-unused-vars
18:10  Warning: 'ToggleNewsStatusDialog' is defined but never used.  @typescript-eslint/no-unused-vars
19:10  Warning: 'DeleteNewsDialog' is defined but never used.  @typescript-eslint/no-unused-vars
20:10  Warning: 'StarButton' is defined but never used.  @typescript-eslint/no-unused-vars
22:8  Warning: 'Image' is defined but never used.  @typescript-eslint/no-unused-vars
23:10  Warning: 'isValidImageUrl' is defined but never used.  @typescript-eslint/no-unused-vars
23:27  Warning: 'getImagePlaceholderData' is defined but never used.  @typescript-eslint/no-unused-vars
23:52  Warning: 'handleImageError' is defined but never used.  @typescript-eslint/no-unused-vars
58:7  Warning: 'categoryLabels' is assigned a value but never used.  @typescript-eslint/no-unused-vars
65:7  Warning: 'categoryColors' is assigned a value but never used.  @typescript-eslint/no-unused-vars
78:10  Warning: 'viewMode' is assigned a value but never used.  @typescript-eslint/no-unused-vars
78:20  Warning: 'setViewMode' is assigned a value but never used.  @typescript-eslint/no-unused-vars
122:6  Warning: React Hook useEffect has a missing dependency: 'fetchData'. Either include it or remove the dependency array.  react-hooks/exhaustive-deps
182:9  Warning: 'handleDelete' is assigned a value but never used.  @typescript-eslint/no-unused-vars
345:57  Warning: Unexpected any. Specify a different type.  @typescript-eslint/no-explicit-any
469:3  Warning: 'onClearSelection' is defined but never used.  @typescript-eslint/no-unused-vars
473:3  Warning: 'onToggleFeatured' is defined but never used.  @typescript-eslint/no-unused-vars

./src/components/admin/programas-form.tsx
12:10  Warning: 'X' is defined but never used.  @typescript-eslint/no-unused-vars
12:53  Warning: 'Users' is defined but never used.  @typescript-eslint/no-unused-vars
12:60  Warning: 'BookOpen' is defined but never used.  @typescript-eslint/no-unused-vars
12:77  Warning: 'Globe' is defined but never used.  @typescript-eslint/no-unused-vars
35:34  Warning: Unexpected any. Specify a different type.  @typescript-eslint/no-explicit-any
56:58  Warning: Unexpected any. Specify a different type.  @typescript-eslint/no-explicit-any

./src/components/admin/programas-management.tsx
6:10  Warning: 'Card' is defined but never used.  @typescript-eslint/no-unused-vars
6:16  Warning: 'CardContent' is defined but never used.  @typescript-eslint/no-unused-vars
6:29  Warning: 'CardHeader' is defined but never used.  @typescript-eslint/no-unused-vars
6:41  Warning: 'CardTitle' is defined but never used.  @typescript-eslint/no-unused-vars
7:10  Warning: 'Badge' is defined but never used.  @typescript-eslint/no-unused-vars
10:10  Warning: 'Checkbox' is defined but never used.  @typescript-eslint/no-unused-vars
11:24  Warning: 'Edit' is defined but never used.  @typescript-eslint/no-unused-vars
11:30  Warning: 'Trash2' is defined but never used.  @typescript-eslint/no-unused-vars
11:38  Warning: 'Eye' is defined but never used.  @typescript-eslint/no-unused-vars
11:43  Warning: 'EyeOff' is defined but never used.  @typescript-eslint/no-unused-vars
11:51  Warning: 'X' is defined but never used.  @typescript-eslint/no-unused-vars
11:54  Warning: 'Calendar' is defined but never used.  @typescript-eslint/no-unused-vars
12:8  Warning: 'Image' is defined but never used.  @typescript-eslint/no-unused-vars
15:10  Warning: 'EditProgramaDialog' is defined but never used.  @typescript-eslint/no-unused-vars
16:10  Warning: 'DeleteProgramaDialog' is defined but never used.  @typescript-eslint/no-unused-vars
17:10  Warning: 'ToggleProgramaStatusDialog' is defined but never used.  @typescript-eslint/no-unused-vars
106:9  Warning: 'handleClearSearch' is assigned a value but never used.  @typescript-eslint/no-unused-vars
142:9  Warning: 'handleTabChange' is assigned a value but never used.  @typescript-eslint/no-unused-vars
212:57  Warning: Unexpected any. Specify a different type.  @typescript-eslint/no-explicit-any
349:3  Warning: 'sortBy' is defined but never used.  @typescript-eslint/no-unused-vars
350:3  Warning: 'sortOrder' is defined but never used.  @typescript-eslint/no-unused-vars
351:3  Warning: 'onBulkToggleStatus' is defined but never used.  @typescript-eslint/no-unused-vars
352:3  Warning: 'onClearSelection' is defined but never used.  @typescript-eslint/no-unused-vars
354:10  Warning: 'viewingPrograma' is assigned a value but never used.  @typescript-eslint/no-unused-vars
356:9  Warning: 'handleView' is assigned a value but never used.  @typescript-eslint/no-unused-vars
360:9  Warning: 'handleViewClose' is assigned a value but never used.  @typescript-eslint/no-unused-vars
370:127  Warning: `"` can be escaped with `&quot;`, `&ldquo;`, `&#34;`, `&rdquo;`.  react/no-unescaped-entities
370:140  Warning: `"` can be escaped with `&quot;`, `&ldquo;`, `&#34;`, `&rdquo;`.  react/no-unescaped-entities

./src/components/admin/programas-view-modal.tsx
7:10  Warning: 'X' is defined but never used.  @typescript-eslint/no-unused-vars
251:25  Warning: Using `<img>` could result in slower LCP and higher bandwidth. Consider using `<Image />` from `next/image` or a custom image loader to automatically optimize images. This may incur additional usage or cost from your provider. See: https://nextjs.org/docs/messages/no-img-element  @next/next/no-img-element

./src/components/admin/programas-view.tsx
249:23  Warning: Using `<img>` could result in slower LCP and higher bandwidth. Consider using `<Image />` from `next/image` or a custom image loader to automatically optimize images. This may incur additional usage or cost from your provider. See: https://nextjs.org/docs/messages/no-img-element  @next/next/no-img-element

./src/components/admin/projects-management.tsx
88:6  Warning: React Hook useEffect has a missing dependency: 'fetchData'. Either include it or remove the dependency array.  react-hooks/exhaustive-deps
202:18  Warning: 'parseError' is defined but never used.  @typescript-eslint/no-unused-vars
338:57  Warning: Unexpected any. Specify a different type.  @typescript-eslint/no-explicit-any
466:3  Warning: 'onClearSelection' is defined but never used.  @typescript-eslint/no-unused-vars
470:3  Warning: 'onToggleFeatured' is defined but never used.  @typescript-eslint/no-unused-vars

./src/components/admin/resources-management.tsx
99:17  Warning: 'session' is assigned a value but never used.  @typescript-eslint/no-unused-vars
145:6  Warning: React Hook useEffect has a missing dependency: 'fetchData'. Either include it or remove the dependency array.  react-hooks/exhaustive-deps
467:59  Warning: Unexpected any. Specify a different type.  @typescript-eslint/no-explicit-any
625:78  Warning: Unexpected any. Specify a different type.  @typescript-eslint/no-explicit-any
729:67  Warning: `"` can be escaped with `&quot;`, `&ldquo;`, `&#34;`, `&rdquo;`.  react/no-unescaped-entities
729:92  Warning: `"` can be escaped with `&quot;`, `&ldquo;`, `&#34;`, `&rdquo;`.  react/no-unescaped-entities
894:123  Warning: Unexpected any. Specify a different type.  @typescript-eslint/no-explicit-any
1082:123  Warning: Unexpected any. Specify a different type.  @typescript-eslint/no-explicit-any

./src/components/admin/toggle-ally-status-dialog.tsx
81:61  Warning: `"` can be escaped with `&quot;`, `&ldquo;`, `&#34;`, `&rdquo;`.  react/no-unescaped-entities
81:73  Warning: `"` can be escaped with `&quot;`, `&ldquo;`, `&#34;`, `&rdquo;`.  react/no-unescaped-entities

./src/components/admin/toggle-event-status-dialog.tsx
8:10  Warning: 'Eye' is defined but never used.  @typescript-eslint/no-unused-vars
8:15  Warning: 'EyeOff' is defined but never used.  @typescript-eslint/no-unused-vars
85:22  Warning: `"` can be escaped with `&quot;`, `&ldquo;`, `&#34;`, `&rdquo;`.  react/no-unescaped-entities
85:36  Warning: `"` can be escaped with `&quot;`, `&ldquo;`, `&#34;`, `&rdquo;`.  react/no-unescaped-entities

./src/components/admin/toggle-news-status-dialog.tsx
8:10  Warning: 'Eye' is defined but never used.  @typescript-eslint/no-unused-vars
8:15  Warning: 'EyeOff' is defined but never used.  @typescript-eslint/no-unused-vars
85:22  Warning: `"` can be escaped with `&quot;`, `&ldquo;`, `&#34;`, `&rdquo;`.  react/no-unescaped-entities
85:35  Warning: `"` can be escaped with `&quot;`, `&ldquo;`, `&#34;`, `&rdquo;`.  react/no-unescaped-entities

./src/components/admin/toggle-programa-status-dialog.tsx
88:63  Warning: `"` can be escaped with `&quot;`, `&ldquo;`, `&#34;`, `&rdquo;`.  react/no-unescaped-entities
88:87  Warning: `"` can be escaped with `&quot;`, `&ldquo;`, `&#34;`, `&rdquo;`.  react/no-unescaped-entities

./src/components/admin/toggle-project-status-dialog.tsx
8:10  Warning: 'Eye' is defined but never used.  @typescript-eslint/no-unused-vars
8:15  Warning: 'EyeOff' is defined but never used.  @typescript-eslint/no-unused-vars
102:22  Warning: `"` can be escaped with `&quot;`, `&ldquo;`, `&#34;`, `&rdquo;`.  react/no-unescaped-entities
102:38  Warning: `"` can be escaped with `&quot;`, `&ldquo;`, `&#34;`, `&rdquo;`.  react/no-unescaped-entities

./src/components/admin/toggle-story-status-dialog.tsx
79:72  Warning: `"` can be escaped with `&quot;`, `&ldquo;`, `&#34;`, `&rdquo;`.  react/no-unescaped-entities
79:86  Warning: `"` can be escaped with `&quot;`, `&ldquo;`, `&#34;`, `&rdquo;`.  react/no-unescaped-entities

./src/components/admin/toggle-video-testimonial-featured-dialog.tsx
16:34  Warning: Unexpected any. Specify a different type.  @typescript-eslint/no-explicit-any
80:130  Warning: `"` can be escaped with `&quot;`, `&ldquo;`, `&#34;`, `&rdquo;`.  react/no-unescaped-entities
80:144  Warning: `"` can be escaped with `&quot;`, `&ldquo;`, `&#34;`, `&rdquo;`.  react/no-unescaped-entities

./src/components/admin/toggle-video-testimonial-status-dialog.tsx
16:34  Warning: Unexpected any. Specify a different type.  @typescript-eslint/no-explicit-any
80:115  Warning: `"` can be escaped with `&quot;`, `&ldquo;`, `&#34;`, `&rdquo;`.  react/no-unescaped-entities
80:129  Warning: `"` can be escaped with `&quot;`, `&ldquo;`, `&#34;`, `&rdquo;`.  react/no-unescaped-entities

./src/components/admin/unified-card.tsx
51:3  Warning: 'isFeatured' is defined but never used.  @typescript-eslint/no-unused-vars
63:3  Warning: 'onToggleFeatured' is defined but never used.  @typescript-eslint/no-unused-vars

./src/components/admin/user-management-system.tsx
16:3  Warning: 'UserCheck' is defined but never used.  @typescript-eslint/no-unused-vars
17:3  Warning: 'UserX' is defined but never used.  @typescript-eslint/no-unused-vars
21:3  Warning: 'Filter' is defined but never used.  @typescript-eslint/no-unused-vars
22:3  Warning: 'MoreHorizontal' is defined but never used.  @typescript-eslint/no-unused-vars
28:3  Warning: 'Eye' is defined but never used.  @typescript-eslint/no-unused-vars
29:3  Warning: 'EyeOff' is defined but never used.  @typescript-eslint/no-unused-vars
97:6  Warning: React Hook useEffect has a missing dependency: 'filterUsers'. Either include it or remove the dependency array.  react-hooks/exhaustive-deps

./src/components/admin/user-management.tsx
16:3  Warning: 'UserCheck' is defined but never used.  @typescript-eslint/no-unused-vars
17:3  Warning: 'UserX' is defined but never used.  @typescript-eslint/no-unused-vars
21:3  Warning: 'Filter' is defined but never used.  @typescript-eslint/no-unused-vars
23:3  Warning: 'Edit' is defined but never used.  @typescript-eslint/no-unused-vars
24:3  Warning: 'Trash2' is defined but never used.  @typescript-eslint/no-unused-vars
28:8  Warning: 'Link' is defined but never used.  @typescript-eslint/no-unused-vars
64:6  Warning: React Hook useEffect has a missing dependency: 'filterUsers'. Either include it or remove the dependency array.  react-hooks/exhaustive-deps

./src/components/auth/change-password-modal.tsx
77:14  Warning: 'error' is defined but never used.  @typescript-eslint/no-unused-vars

./src/components/auth/mandatory-password-change-modal.tsx
8:10  Warning: 'getSession' is defined but never used.  @typescript-eslint/no-unused-vars
8:22  Warning: 'signOut' is defined but never used.  @typescript-eslint/no-unused-vars
8:31  Warning: 'signIn' is defined but never used.  @typescript-eslint/no-unused-vars
47:9  Warning: 'router' is assigned a value but never used.  @typescript-eslint/no-unused-vars
48:17  Warning: 'session' is assigned a value but never used.  @typescript-eslint/no-unused-vars

./src/components/auth/mandatory-password-change-wrapper.tsx
5:22  Warning: 'signIn' is defined but never used.  @typescript-eslint/no-unused-vars
5:30  Warning: 'signOut' is defined but never used.  @typescript-eslint/no-unused-vars
16:9  Warning: 'router' is assigned a value but never used.  @typescript-eslint/no-unused-vars
28:6  Warning: React Hook React.useEffect has a missing dependency: 'userName'. Either include it or remove the dependency array.  react-hooks/exhaustive-deps

./src/components/auth/password-change-wrapper.tsx
14:5  Warning: 'mustChangePassword' is assigned a value but never used.  @typescript-eslint/no-unused-vars

./src/components/dashboard/analytics-cards.tsx
5:37  Warning: 'Calendar' is defined but never used.  @typescript-eslint/no-unused-vars
5:47  Warning: 'TrendingUp' is defined but never used.  @typescript-eslint/no-unused-vars
5:59  Warning: 'Eye' is defined but never used.  @typescript-eslint/no-unused-vars

./src/components/dashboard/quick-actions.tsx
9:3  Warning: 'BookOpen' is defined but never used.  @typescript-eslint/no-unused-vars
10:3  Warning: 'Calendar' is defined but never used.  @typescript-eslint/no-unused-vars
12:3  Warning: 'Eye' is defined but never used.  @typescript-eslint/no-unused-vars
13:3  Warning: 'Settings' is defined but never used.  @typescript-eslint/no-unused-vars
14:3  Warning: 'TrendingUp' is defined but never used.  @typescript-eslint/no-unused-vars

./src/components/layout/navbar.tsx
3:27  Warning: 'useEffect' is defined but never used.  @typescript-eslint/no-unused-vars

./src/components/sections/about-us.tsx
6:17  Warning: 'Users' is defined but never used.  @typescript-eslint/no-unused-vars
6:24  Warning: 'Award' is defined but never used.  @typescript-eslint/no-unused-vars
6:31  Warning: 'Globe' is defined but never used.  @typescript-eslint/no-unused-vars
6:38  Warning: 'Handshake' is defined but never used.  @typescript-eslint/no-unused-vars
6:49  Warning: 'Star' is defined but never used.  @typescript-eslint/no-unused-vars
6:55  Warning: 'TrendingUp' is defined but never used.  @typescript-eslint/no-unused-vars
6:67  Warning: 'Shield' is defined but never used.  @typescript-eslint/no-unused-vars
6:75  Warning: 'Stethoscope' is defined but never used.  @typescript-eslint/no-unused-vars
178:19  Warning: `"` can be escaped with `&quot;`, `&ldquo;`, `&#34;`, `&rdquo;`.  react/no-unescaped-entities
178:112  Warning: `"` can be escaped with `&quot;`, `&ldquo;`, `&#34;`, `&rdquo;`.  react/no-unescaped-entities

./src/components/sections/news-events-section.tsx
6:10  Warning: 'Card' is defined but never used.  @typescript-eslint/no-unused-vars
7:10  Warning: 'Badge' is defined but never used.  @typescript-eslint/no-unused-vars
9:10  Warning: 'Input' is defined but never used.  @typescript-eslint/no-unused-vars
10:38  Warning: 'Filter' is defined but never used.  @typescript-eslint/no-unused-vars
128:17  Warning: Using `<img>` could result in slower LCP and higher bandwidth. Consider using `<Image />` from `next/image` or a custom image loader to automatically optimize images. This may incur additional usage or cost from your provider. See: https://nextjs.org/docs/messages/no-img-element  @next/next/no-img-element
134:17  Warning: Using `<img>` could result in slower LCP and higher bandwidth. Consider using `<Image />` from `next/image` or a custom image loader to automatically optimize images. This may incur additional usage or cost from your provider. See: https://nextjs.org/docs/messages/no-img-element  @next/next/no-img-element

./src/components/sections/our-history-section.tsx
48:44  Warning: `"` can be escaped with `&quot;`, `&ldquo;`, `&#34;`, `&rdquo;`.  react/no-unescaped-entities
48:61  Warning: `"` can be escaped with `&quot;`, `&ldquo;`, `&#34;`, `&rdquo;`.  react/no-unescaped-entities
90:90  Warning: `"` can be escaped with `&quot;`, `&ldquo;`, `&#34;`, `&rdquo;`.  react/no-unescaped-entities
90:107  Warning: `"` can be escaped with `&quot;`, `&ldquo;`, `&#34;`, `&rdquo;`.  react/no-unescaped-entities
120:57  Warning: `"` can be escaped with `&quot;`, `&ldquo;`, `&#34;`, `&rdquo;`.  react/no-unescaped-entities
120:71  Warning: `"` can be escaped with `&quot;`, `&ldquo;`, `&#34;`, `&rdquo;`.  react/no-unescaped-entities
150:19  Warning: `"` can be escaped with `&quot;`, `&ldquo;`, `&#34;`, `&rdquo;`.  react/no-unescaped-entities
150:36  Warning: `"` can be escaped with `&quot;`, `&ldquo;`, `&#34;`, `&rdquo;`.  react/no-unescaped-entities
180:74  Warning: `"` can be escaped with `&quot;`, `&ldquo;`, `&#34;`, `&rdquo;`.  react/no-unescaped-entities
180:92  Warning: `"` can be escaped with `&quot;`, `&ldquo;`, `&#34;`, `&rdquo;`.  react/no-unescaped-entities
180:95  Warning: `"` can be escaped with `&quot;`, `&ldquo;`, `&#34;`, `&rdquo;`.  react/no-unescaped-entities
180:120  Warning: `"` can be escaped with `&quot;`, `&ldquo;`, `&#34;`, `&rdquo;`.  react/no-unescaped-entities
180:123  Warning: `"` can be escaped with `&quot;`, `&ldquo;`, `&#34;`, `&rdquo;`.  react/no-unescaped-entities
180:142  Warning: `"` can be escaped with `&quot;`, `&ldquo;`, `&#34;`, `&rdquo;`.  react/no-unescaped-entities
180:145  Warning: `"` can be escaped with `&quot;`, `&ldquo;`, `&#34;`, `&rdquo;`.  react/no-unescaped-entities
180:166  Warning: `"` can be escaped with `&quot;`, `&ldquo;`, `&#34;`, `&rdquo;`.  react/no-unescaped-entities
180:170  Warning: `"` can be escaped with `&quot;`, `&ldquo;`, `&#34;`, `&rdquo;`.  react/no-unescaped-entities
180:198  Warning: `"` can be escaped with `&quot;`, `&ldquo;`, `&#34;`, `&rdquo;`.  react/no-unescaped-entities
180:224  Warning: `"` can be escaped with `&quot;`, `&ldquo;`, `&#34;`, `&rdquo;`.  react/no-unescaped-entities
180:265  Warning: `"` can be escaped with `&quot;`, `&ldquo;`, `&#34;`, `&rdquo;`.  react/no-unescaped-entities
240:19  Warning: `"` can be escaped with `&quot;`, `&ldquo;`, `&#34;`, `&rdquo;`.  react/no-unescaped-entities
240:36  Warning: `"` can be escaped with `&quot;`, `&ldquo;`, `&#34;`, `&rdquo;`.  react/no-unescaped-entities
240:210  Warning: `"` can be escaped with `&quot;`, `&ldquo;`, `&#34;`, `&rdquo;`.  react/no-unescaped-entities
240:241  Warning: `"` can be escaped with `&quot;`, `&ldquo;`, `&#34;`, `&rdquo;`.  react/no-unescaped-entities
240:305  Warning: `"` can be escaped with `&quot;`, `&ldquo;`, `&#34;`, `&rdquo;`.  react/no-unescaped-entities
240:325  Warning: `"` can be escaped with `&quot;`, `&ldquo;`, `&#34;`, `&rdquo;`.  react/no-unescaped-entities

./src/components/sections/programas-destacados-section.tsx
105:25  Warning: Using `<img>` could result in slower LCP and higher bandwidth. Consider using `<Image />` from `next/image` or a custom image loader to automatically optimize images. This may incur additional usage or cost from your provider. See: https://nextjs.org/docs/messages/no-img-element  @next/next/no-img-element

./src/components/sections/related-news-carousel.tsx
4:29  Warning: 'CardHeader' is defined but never used.  @typescript-eslint/no-unused-vars
4:41  Warning: 'CardTitle' is defined but never used.  @typescript-eslint/no-unused-vars
6:10  Warning: 'Badge' is defined but never used.  @typescript-eslint/no-unused-vars
7:31  Warning: 'User' is defined but never used.  @typescript-eslint/no-unused-vars
125:17  Warning: Using `<img>` could result in slower LCP and higher bandwidth. Consider using `<Image />` from `next/image` or a custom image loader to automatically optimize images. This may incur additional usage or cost from your provider. See: https://nextjs.org/docs/messages/no-img-element  @next/next/no-img-element

./src/components/ui/use-toast.tsx
20:7  Warning: 'actionTypes' is assigned a value but only used as a type.  @typescript-eslint/no-unused-vars

./src/hooks/use-mandatory-password-change.ts
44:46  Warning: Unexpected any. Specify a different type.  @typescript-eslint/no-explicit-any
48:44  Warning: Unexpected any. Specify a different type.  @typescript-eslint/no-explicit-any

./src/hooks/use-news-events.ts
141:6  Warning: React Hook useEffect has a missing dependency: 'loadData'. Either include it or remove the dependency array.  react-hooks/exhaustive-deps

./src/hooks/use-password-change.ts
15:43  Warning: Unexpected any. Specify a different type.  @typescript-eslint/no-explicit-any
28:27  Warning: Unexpected any. Specify a different type.  @typescript-eslint/no-explicit-any
36:43  Warning: Unexpected any. Specify a different type.  @typescript-eslint/no-explicit-any

./src/lib/auth-middleware.ts
20:10  Warning: Unexpected any. Specify a different type.  @typescript-eslint/no-explicit-any
40:48  Warning: Unexpected any. Specify a different type.  @typescript-eslint/no-explicit-any

./src/lib/auth-service.ts
117:11  Warning: 'emailVerificationToken' is assigned a value but never used.  @typescript-eslint/no-unused-vars
183:25  Warning: Unexpected any. Specify a different type.  @typescript-eslint/no-explicit-any

./src/lib/auth.ts
27:17  Warning: Unexpected any. Specify a different type.  @typescript-eslint/no-explicit-any
50:50  Warning: Unexpected any. Specify a different type.  @typescript-eslint/no-explicit-any

./src/lib/minioService.ts
106:61  Warning: Unexpected any. Specify a different type.  @typescript-eslint/no-explicit-any
108:26  Warning: Unexpected any. Specify a different type.  @typescript-eslint/no-explicit-any

./src/lib/simple-auth-middleware.ts
17:34  Warning: 'request' is defined but never used.  @typescript-eslint/no-unused-vars
19:10  Warning: Unexpected any. Specify a different type.  @typescript-eslint/no-explicit-any

./src/lib/temp-password.ts
1:8  Warning: 'crypto' is defined but never used.  @typescript-eslint/no-unused-vars

./src/types/next-auth.d.ts
1:8  Warning: 'NextAuth' is defined but never used.  @typescript-eslint/no-unused-vars

info  - Need to disable some ESLint rules? Learn more here: https://nextjs.org/docs/app/api-reference/config/eslint#disabling-rules
   Collecting page data ...
   Generating static pages (0/84) ...
   Generating static pages (21/84) 
   Generating static pages (42/84) 
   Generating static pages (63/84) 
≡ƒôñ Hook retornando estado: { needsPasswordChange: false, isLoading: true, userName: undefined }
 Γ£ô Generating static pages (84/84)
   Finalizing page optimization ...
   Collecting build traces ...

Route (app)                                          Size  First Load JS
Γöî Γùï /                                             58.8 kB         221 kB
Γö£ Γùï /_not-found                                       0 B         162 kB
Γö£ Γùï /aliados-estrategicos                         15.5 kB         178 kB
Γö£ ╞Æ /api/admin/image-library                          0 B            0 B
Γö£ ╞Æ /api/admin/image-library/[id]                     0 B            0 B
Γö£ ╞Æ /api/admin/methodologies                          0 B            0 B
Γö£ ╞Æ /api/admin/programas                              0 B            0 B
Γö£ ╞Æ /api/admin/programas/[id]                         0 B            0 B
Γö£ ╞Æ /api/admin/projects                               0 B            0 B
Γö£ ╞Æ /api/admin/users                                  0 B            0 B
Γö£ ╞Æ /api/allies                                       0 B            0 B
Γö£ ╞Æ /api/allies/[id]                                  0 B            0 B
Γö£ ╞Æ /api/allies/[id]/toggle-featured                  0 B            0 B
Γö£ ╞Æ /api/allies/bulk-toggle-status                    0 B            0 B
Γö£ ╞Æ /api/auth/[...nextauth]                           0 B            0 B
Γö£ ╞Æ /api/auth/change-password                         0 B            0 B
Γö£ ╞Æ /api/auth/mandatory-change-password               0 B            0 B
Γö£ ╞Æ /api/auth/refresh-session                         0 B            0 B
Γö£ ╞Æ /api/auth/register                                0 B            0 B
Γö£ ╞Æ /api/auth/simple-change-password                  0 B            0 B
Γö£ ╞Æ /api/auth/validate-password                       0 B            0 B
Γö£ ╞Æ /api/events                                       0 B            0 B
Γö£ ╞Æ /api/events/[id]                                  0 B            0 B
Γö£ ╞Æ /api/events/[id]/toggle-featured                  0 B            0 B
Γö£ ╞Æ /api/events/bulk-toggle-status                    0 B            0 B
Γö£ ╞Æ /api/methodologies                                0 B            0 B
Γö£ ╞Æ /api/methodologies/[id]                           0 B            0 B
Γö£ ╞Æ /api/methodologies/[id]/toggle-featured           0 B            0 B
Γö£ ╞Æ /api/methodologies/bulk-toggle-status             0 B            0 B
Γö£ ╞Æ /api/news                                         0 B            0 B
Γö£ ╞Æ /api/news/[id]                                    0 B            0 B
Γö£ ╞Æ /api/news/[id]/toggle-featured                    0 B            0 B
Γö£ ╞Æ /api/news/bulk-toggle-status                      0 B            0 B
Γö£ ╞Æ /api/projects                                     0 B            0 B
Γö£ ╞Æ /api/projects/[id]                                0 B            0 B
Γö£ ╞Æ /api/projects/[id]/toggle-featured                0 B            0 B
Γö£ ╞Æ /api/projects/bulk-toggle-status                  0 B            0 B
Γö£ ╞Æ /api/protected                                    0 B            0 B
Γö£ ╞Æ /api/public/allies                                0 B            0 B
Γö£ ╞Æ /api/public/allies-all                            0 B            0 B
Γö£ ╞Æ /api/public/events/[id]                           0 B            0 B
Γö£ ╞Æ /api/public/image-library                         0 B            0 B
Γö£ ╞Æ /api/public/methodologies                         0 B            0 B
Γö£ ╞Æ /api/public/methodologies/[id]                    0 B            0 B
Γö£ ╞Æ /api/public/news/[id]                             0 B            0 B
Γö£ ╞Æ /api/public/news/related                          0 B            0 B
Γö£ ╞Æ /api/public/programas                             0 B            0 B
Γö£ ╞Æ /api/public/programas/[id]                        0 B            0 B
Γö£ ╞Æ /api/public/projects                              0 B            0 B
Γö£ ╞Æ /api/public/projects/[id]                         0 B            0 B
Γö£ ╞Æ /api/public/resources                             0 B            0 B
Γö£ ╞Æ /api/public/resources/[id]                        0 B            0 B
Γö£ ╞Æ /api/public/stories                               0 B            0 B
Γö£ ╞Æ /api/public/stories/[id]                          0 B            0 B
Γö£ ╞Æ /api/public/transparency                          0 B            0 B
Γö£ ╞Æ /api/public/transparency/[id]                     0 B            0 B
Γö£ ╞Æ /api/public/video-testimonials                    0 B            0 B
Γö£ ╞Æ /api/resources                                    0 B            0 B
Γö£ ╞Æ /api/resources/[id]                               0 B            0 B
Γö£ ╞Æ /api/resources/[id]/toggle-featured               0 B            0 B
Γö£ ╞Æ /api/resources/bulk-toggle-status                 0 B            0 B
Γö£ ╞Æ /api/roles                                        0 B            0 B
Γö£ ╞Æ /api/stories                                      0 B            0 B
Γö£ ╞Æ /api/stories/[id]                                 0 B            0 B
Γö£ ╞Æ /api/stories/[id]/toggle-status                   0 B            0 B
Γö£ ╞Æ /api/stories/bulk-toggle-status                   0 B            0 B
Γö£ ╞Æ /api/transparency                                 0 B            0 B
Γö£ ╞Æ /api/transparency/[id]                            0 B            0 B
Γö£ ╞Æ /api/transparency/[id]/toggle-featured            0 B            0 B
Γö£ ╞Æ /api/transparency/bulk-toggle-status              0 B            0 B
Γö£ ╞Æ /api/users                                        0 B            0 B
Γö£ ╞Æ /api/users/[id]                                   0 B            0 B
Γö£ ╞Æ /api/users/[id]/password                          0 B            0 B
Γö£ ╞Æ /api/users/[id]/toggle-status                     0 B            0 B
Γö£ ╞Æ /api/users/bulk-toggle-status                     0 B            0 B
Γö£ ╞Æ /api/video-testimonials                           0 B            0 B
Γö£ ╞Æ /api/video-testimonials/[id]                      0 B            0 B
Γö£ ╞Æ /api/video-testimonials/[id]/toggle-featured      0 B            0 B
Γö£ ╞Æ /api/video-testimonials/[id]/toggle-status        0 B            0 B
Γö£ ╞Æ /api/video-testimonials/bulk-toggle-status        0 B            0 B
Γö£ Γùï /auth-test                                    1.37 kB         164 kB
Γö£ Γùï /auth/sign-in                                 5.53 kB         168 kB
Γö£ Γùï /dashboard                                    3.44 kB         198 kB
Γö£ Γùï /dashboard/allies                             5.13 kB         220 kB
Γö£ Γùï /dashboard/events                             5.97 kB         221 kB
Γö£ Γùï /dashboard/image-library                      6.85 kB         210 kB
Γö£ Γùï /dashboard/methodologies                      10.3 kB         213 kB
Γö£ Γùï /dashboard/news                               6.93 kB         222 kB
Γö£ Γùï /dashboard/news-events                        12.8 kB         216 kB
Γö£ Γùï /dashboard/programas                          14.7 kB         222 kB
Γö£ Γùï /dashboard/projects                           6.89 kB         222 kB
Γö£ Γùï /dashboard/resources                          10.3 kB         213 kB
Γö£ Γùï /dashboard/stories                            23.3 kB         226 kB
Γö£ Γùï /dashboard/transparency                       9.19 kB         212 kB
Γö£ Γùï /dashboard/users                              17.5 kB         220 kB
Γö£ Γùï /dashboard/video-testimonials                   14 kB         217 kB
Γö£ Γùï /debug                                        1.86 kB         164 kB
Γö£ Γùï /debug-modal                                  4.41 kB         231 kB
Γö£ Γùï /equipo                                       16.6 kB         179 kB
Γö£ ╞Æ /events/[id]                                  14.1 kB         176 kB
Γö£ Γùï /historias-impacto                            15.7 kB         178 kB
Γö£ Γùï /iniciativas                                  11.4 kB         174 kB
Γö£ Γùï /metodologias                                 15.3 kB         178 kB
Γö£ ╞Æ /metodologias/[id]                            9.47 kB         179 kB
Γö£ Γùï /news-events                                    16 kB         178 kB
Γö£ ╞Æ /news/[id]                                    8.96 kB         171 kB
Γö£ Γùï /nosotros                                     11.2 kB         173 kB
Γö£ Γùï /participar                                   8.76 kB         171 kB
Γö£ Γùï /programas                                    4.16 kB         173 kB
Γö£ ╞Æ /programas/[id]                               4.89 kB         174 kB
Γö£ Γùï /proyectos                                    3.76 kB         173 kB
Γö£ ╞Æ /proyectos/[id]                               9.94 kB         179 kB
Γö£ Γùï /recursos                                     12.6 kB         175 kB
Γö£ Γùï /sign-in                                      5.94 kB         168 kB
Γö£ Γùï /sign-up                                      5.98 kB         168 kB
Γö£ ╞Æ /stories/[id]                                 13.8 kB         176 kB
Γö£ Γùï /test                                             0 B         162 kB
Γö£ Γùï /test-dashboard                                   0 B         162 kB
Γö£ Γùï /test-modal                                   3.83 kB         231 kB
Γöö Γùï /transparencia                                12.2 kB         174 kB
+ First Load JS shared by all                      179 kB
  Γö£ chunks/150316a471952cee.js                    59.2 kB
  Γö£ chunks/2008ffcf9e5b170c.js                      13 kB
  Γö£ chunks/75e39eeb2b370f9f.js                    17.2 kB
  Γö£ chunks/95310a0f55cb086f.js                    13.3 kB
  Γö£ chunks/c52dae5a9cd2ddb0.js                    15.3 kB
  Γö£ chunks/cd82df2ba333ec55.css                   15.9 kB
  Γöö other shared chunks (total)                   45.2 kB


╞Æ Middleware                                      39.1 kB

Γùï  (Static)   prerendered as static content
╞Æ  (Dynamic)  server-rendered on demand

